// Jest Snapshot v1, https://goo.gl/fbAQLP

exports[`ArticleList renders ArticleList component without crashing 1`] = `
<div>
  <div>
    <a
      href="http://example.com/1"
    >
      Category 1
      http://example.com/1
    </a>
  </div>
  <div>
    <a
      href="http://example.com/2"
    >
      Category 2
      http://example.com/2
    </a>
  </div>
</div>
`;
